// Vitest Snapshot v1

exports[`renders correctly with no pets 1`] = `
<DocumentFragment>
  <div
    class="grid grid-cols-1 gap-4 sm:grid-cols-2 lg:grid-cols-3 xl:grid-cols-4 2xl:grid-cols-5"
  >
    <h1>
      No Pets Found
    </h1>
  </div>
</DocumentFragment>
`;

exports[`renders correctly with some pets 1`] = `
<DocumentFragment>
  <div
    class="grid grid-cols-1 gap-4 sm:grid-cols-2 lg:grid-cols-3 xl:grid-cols-4 2xl:grid-cols-5"
  >
    <a
      class="relative block h-fit"
      href="/details/1"
    >
      <div
        class="float-left my-0 ml-5 mr-2.5"
      >
        <img
          alt="Luna"
          data-testid="thumbnail"
          src="http://pets-images.dev-apis.com/pets/dog25.jpg"
        />
      </div>
      <div
        class="absolute bottom-0 left-5 bg-gradient-to-tr from-white to-transparent pr-2 pt-1 pl-1.5 pb-0.5"
      >
        <h1>
          Luna
        </h1>
        <h2>
          dog - Havanese - Seattle, WA
        </h2>
      </div>
    </a>
    <a
      class="relative block h-fit"
      href="/details/2"
    >
      <div
        class="float-left my-0 ml-5 mr-2.5"
      >
        <img
          alt="Charisse"
          data-testid="thumbnail"
          src="http://pets-images.dev-apis.com/pets/rabbit0.jpg"
        />
      </div>
      <div
        class="absolute bottom-0 left-5 bg-gradient-to-tr from-white to-transparent pr-2 pt-1 pl-1.5 pb-0.5"
      >
        <h1>
          Charisse
        </h1>
        <h2>
          rabbit - Havanese - Lexington, KY
        </h2>
      </div>
    </a>
    <a
      class="relative block h-fit"
      href="/details/3"
    >
      <div
        class="float-left my-0 ml-5 mr-2.5"
      >
        <img
          alt="Maitilde"
          data-testid="thumbnail"
          src="http://pets-images.dev-apis.com/pets/rabbit1.jpg"
        />
      </div>
      <div
        class="absolute bottom-0 left-5 bg-gradient-to-tr from-white to-transparent pr-2 pt-1 pl-1.5 pb-0.5"
      >
        <h1>
          Maitilde
        </h1>
        <h2>
          rabbit - Lab - Dallas, TX
        </h2>
      </div>
    </a>
    <a
      class="relative block h-fit"
      href="/details/4"
    >
      <div
        class="float-left my-0 ml-5 mr-2.5"
      >
        <img
          alt="Natalina"
          data-testid="thumbnail"
          src="http://pets-images.dev-apis.com/pets/rabbit2.jpg"
        />
      </div>
      <div
        class="absolute bottom-0 left-5 bg-gradient-to-tr from-white to-transparent pr-2 pt-1 pl-1.5 pb-0.5"
      >
        <h1>
          Natalina
        </h1>
        <h2>
          rabbit - Lab - Tampa, FL
        </h2>
      </div>
    </a>
    <a
      class="relative block h-fit"
      href="/details/5"
    >
      <div
        class="float-left my-0 ml-5 mr-2.5"
      >
        <img
          alt="Michail"
          data-testid="thumbnail"
          src="http://pets-images.dev-apis.com/pets/reptile1.jpg"
        />
      </div>
      <div
        class="absolute bottom-0 left-5 bg-gradient-to-tr from-white to-transparent pr-2 pt-1 pl-1.5 pb-0.5"
      >
        <h1>
          Michail
        </h1>
        <h2>
          reptile - Havanese - Tuscaloosa, AL
        </h2>
      </div>
    </a>
    <a
      class="relative block h-fit"
      href="/details/6"
    >
      <div
        class="float-left my-0 ml-5 mr-2.5"
      >
        <img
          alt="Gizela"
          data-testid="thumbnail"
          src="http://pets-images.dev-apis.com/pets/bird2.jpg"
        />
      </div>
      <div
        class="absolute bottom-0 left-5 bg-gradient-to-tr from-white to-transparent pr-2 pt-1 pl-1.5 pb-0.5"
      >
        <h1>
          Gizela
        </h1>
        <h2>
          bird - Havanese - Carol Stream, IL
        </h2>
      </div>
    </a>
    <a
      class="relative block h-fit"
      href="/details/7"
    >
      <div
        class="float-left my-0 ml-5 mr-2.5"
      >
        <img
          alt="Laughton"
          data-testid="thumbnail"
          src="http://pets-images.dev-apis.com/pets/reptile2.jpg"
        />
      </div>
      <div
        class="absolute bottom-0 left-5 bg-gradient-to-tr from-white to-transparent pr-2 pt-1 pl-1.5 pb-0.5"
      >
        <h1>
          Laughton
        </h1>
        <h2>
          reptile - Havanese - Bridgeport, CT
        </h2>
      </div>
    </a>
    <a
      class="relative block h-fit"
      href="/details/8"
    >
      <div
        class="float-left my-0 ml-5 mr-2.5"
      >
        <img
          alt="Si"
          data-testid="thumbnail"
          src="http://pets-images.dev-apis.com/pets/dog0.jpg"
        />
      </div>
      <div
        class="absolute bottom-0 left-5 bg-gradient-to-tr from-white to-transparent pr-2 pt-1 pl-1.5 pb-0.5"
      >
        <h1>
          Si
        </h1>
        <h2>
          dog - Lab - Charlotte, NC
        </h2>
      </div>
    </a>
    <a
      class="relative block h-fit"
      href="/details/9"
    >
      <div
        class="float-left my-0 ml-5 mr-2.5"
      >
        <img
          alt="Lyda"
          data-testid="thumbnail"
          src="http://pets-images.dev-apis.com/pets/rabbit3.jpg"
        />
      </div>
      <div
        class="absolute bottom-0 left-5 bg-gradient-to-tr from-white to-transparent pr-2 pt-1 pl-1.5 pb-0.5"
      >
        <h1>
          Lyda
        </h1>
        <h2>
          rabbit - Lab - Springfield, IL
        </h2>
      </div>
    </a>
    <a
      class="relative block h-fit"
      href="/details/10"
    >
      <div
        class="float-left my-0 ml-5 mr-2.5"
      >
        <img
          alt="Jackquelin"
          data-testid="thumbnail"
          src="http://pets-images.dev-apis.com/pets/dog1.jpg"
        />
      </div>
      <div
        class="absolute bottom-0 left-5 bg-gradient-to-tr from-white to-transparent pr-2 pt-1 pl-1.5 pb-0.5"
      >
        <h1>
          Jackquelin
        </h1>
        <h2>
          dog - Lab - Tucson, AZ
        </h2>
      </div>
    </a>
  </div>
</DocumentFragment>
`;
